// Jest Snapshot v1, https://goo.gl/fbAQLP

exports[`EmployerFinderScreen should render with snapshot 1`] = `
<View
  style={
    Object {
      "alignItems": "center",
      "backgroundColor": "#5F44BA",
      "flex": 1,
    }
  }
>
  <RCTScrollView
    centerContent={true}
    contentContainerStyle={
      Object {
        "marginLeft": 10,
        "marginRight": 10,
      }
    }
    contentInset={
      Object {
        "bottom": 0,
        "left": 0,
        "right": 50,
        "top": 0,
      }
    }
    decelerationRate={0}
    horizontal={true}
    showsHorizontalScrollIndicator={false}
    snapToAlignment="start"
    snapToInterval={670}
  >
    <View>
      <View
        style={
          Object {
            "width": 30,
          }
        }
      />
      <View
        style={
          Object {
            "backgroundColor": "#fff",
            "borderRadius": 12,
            "height": 1034,
            "marginLeft": 10,
            "marginRight": 10,
            "marginTop": 100,
            "shadowColor": "#000",
            "shadowOffset": Object {
              "height": 3,
              "width": 0,
            },
            "shadowOpacity": 0.8,
            "shadowRadius": 3,
            "width": 650,
          }
        }
      >
        <View
          style={
            Object {
              "alignItems": "center",
              "flex": 1,
              "justifyContent": "center",
            }
          }
        >
          <Text>
            Profile 1
          </Text>
          <Text />
        </View>
      </View>
      <View
        style={
          Object {
            "backgroundColor": "#fff",
            "borderRadius": 12,
            "height": 1034,
            "marginLeft": 10,
            "marginRight": 10,
            "marginTop": 100,
            "shadowColor": "#000",
            "shadowOffset": Object {
              "height": 3,
              "width": 0,
            },
            "shadowOpacity": 0.8,
            "shadowRadius": 3,
            "width": 650,
          }
        }
      >
        <View
          style={
            Object {
              "alignItems": "center",
              "flex": 1,
              "justifyContent": "center",
            }
          }
        >
          <Text>
            Profile 2
          </Text>
          <Text />
        </View>
      </View>
      <View
        style={
          Object {
            "backgroundColor": "#fff",
            "borderRadius": 12,
            "height": 1034,
            "marginLeft": 10,
            "marginRight": 10,
            "marginTop": 100,
            "shadowColor": "#000",
            "shadowOffset": Object {
              "height": 3,
              "width": 0,
            },
            "shadowOpacity": 0.8,
            "shadowRadius": 3,
            "width": 650,
          }
        }
      >
        <View
          style={
            Object {
              "alignItems": "center",
              "flex": 1,
              "justifyContent": "center",
            }
          }
        >
          <Text>
            Profile 3
          </Text>
          <Text />
        </View>
      </View>
      <View
        style={
          Object {
            "backgroundColor": "#fff",
            "borderRadius": 12,
            "height": 1034,
            "marginLeft": 10,
            "marginRight": 10,
            "marginTop": 100,
            "shadowColor": "#000",
            "shadowOffset": Object {
              "height": 3,
              "width": 0,
            },
            "shadowOpacity": 0.8,
            "shadowRadius": 3,
            "width": 650,
          }
        }
      >
        <View
          style={
            Object {
              "alignItems": "center",
              "flex": 1,
              "justifyContent": "center",
            }
          }
        >
          <Text>
            Profile 4
          </Text>
          <Text />
        </View>
      </View>
      <View
        style={
          Object {
            "backgroundColor": "#fff",
            "borderRadius": 12,
            "height": 1034,
            "marginLeft": 10,
            "marginRight": 10,
            "marginTop": 100,
            "shadowColor": "#000",
            "shadowOffset": Object {
              "height": 3,
              "width": 0,
            },
            "shadowOpacity": 0.8,
            "shadowRadius": 3,
            "width": 650,
          }
        }
      >
        <View
          style={
            Object {
              "alignItems": "center",
              "flex": 1,
              "justifyContent": "center",
            }
          }
        >
          <Text>
            Profile 5
          </Text>
          <Text />
        </View>
      </View>
    </View>
  </RCTScrollView>
</View>
`;
